// Jest Snapshot v1, https://goo.gl/fbAQLP

exports[`Renderização da página principal Quando acessada 1`] = `
<div>
  <header
    class="header"
  >
    <div
      class="margin"
    >
      <img
        alt="Logo escrito sorteador de amigo secreto"
        class="img"
        src="src/imgs/logo.png"
      />
    </div>
    <div
      class="participante"
    >
      <img
        alt="Person playing shits"
        class="img"
        src="src/imgs/participante.png"
      />
    </div>
  </header>
  <main
    class="container"
  >
    <section>
      <h1
        class="title"
      >
        Vamos começar!
      </h1>
      <form
        class="form"
      >
        <input
          class="input"
          placeholder="Insira os nomes dos participantes"
          type="text"
          value=""
        />
        <button
          class="add"
          disabled=""
          type="submit"
        >
          Adicionar
        </button>
      </form>
      <div />
    </section>
  </main>
</div>
`;
